randWithinArrayLength = 0
randWithinArrayLength = 0
randWithinArrayLength = 0
randWithinArrayLength = 0
randWithinArrayLength = 0
randWithinArrayLength = 0
randWithinArrayLength = 0
randWithinArrayLength = 0
randWithinArrayLength = 0
randWithinArrayLength = 0
randWithinArrayLength = 0
randWithinArrayLength = 0
randWithinArrayLength = 0
randWithinArrayLength = 0
randWithinArrayLength = 0
randWithinArrayLength = 0
randWithinArrayLength = 0
randWithinArrayLength = 0
randWithinArrayLength = 0
randWithinArrayLength = 0
randWithinArrayLength = 0
randWithinArrayLength = 0
randWithinArrayLength = 0
randWithinArrayLength = 0
randWithinArrayLength = 0
randWithinArrayLength = 0
randWithinArrayLength = 0
randWithinArrayLength = 0
randWithinArrayLength = 0
randWithinArrayLength = 0
randWithinArrayLength = 0
randWithinArrayLength = 0
randWithinArrayLength = 0
